// Jest Snapshot v1, https://goo.gl/fbAQLP

exports[`if it Matches Snapshot 1`] = `[Function]`;
